2026-06-28T18:25:47.393491Z  INFO herdr::logging: herdr starting event="app.startup" subsystem="client" outcome="started" pid=18266
2026-06-28T18:25:47.393544Z  INFO herdr::client: connecting to server path=/Users/christian/.config/herdr/herdr-client.sock
2026-06-28T18:25:47.454105Z  INFO herdr::client: handshake succeeded version=14 encoding=SemanticFrame
2026-06-28T18:33:06.934192Z  INFO herdr::logging: herdr exiting event="app.shutdown" subsystem="client" outcome="completed" pid=18266
2026-07-03T18:52:43.534571Z  INFO herdr::logging: herdr starting event="app.startup" subsystem="client" outcome="started" pid=9426
2026-07-03T18:52:43.534597Z  INFO herdr::client: connecting to server path=/Users/christian/.config/herdr/herdr-client.sock
2026-07-03T18:52:43.536679Z  INFO herdr::client: handshake succeeded version=14 encoding=SemanticFrame
2026-07-03T18:53:01.285084Z  INFO herdr::logging: herdr exiting event="app.shutdown" subsystem="client" outcome="completed" pid=9426
2026-07-03T19:44:17.563217Z  INFO herdr::logging: herdr starting event="app.startup" subsystem="client" outcome="started" pid=11074
2026-07-03T19:44:17.564986Z  INFO herdr::client: connecting to server path=/Users/christian/.config/herdr/herdr-client.sock
2026-07-03T19:44:17.803888Z  INFO herdr::client: handshake succeeded version=14 encoding=SemanticFrame
2026-07-03T19:44:51.526171Z  INFO herdr::logging: herdr exiting event="app.shutdown" subsystem="client" outcome="completed" pid=11074
2026-07-03T19:44:54.785628Z  INFO herdr::logging: herdr starting event="app.startup" subsystem="client" outcome="started" pid=11837
2026-07-03T19:44:54.785691Z  INFO herdr::client: connecting to server path=/Users/christian/.config/herdr/herdr-client.sock
2026-07-03T19:44:54.824158Z  INFO herdr::client: handshake succeeded version=14 encoding=SemanticFrame
2026-07-03T19:45:16.344066Z  INFO herdr::logging: herdr exiting event="app.shutdown" subsystem="client" outcome="completed" pid=11837
2026-07-05T18:06:43.224423Z  INFO herdr::logging: herdr starting event="app.startup" subsystem="client" outcome="started" pid=16647
2026-07-05T18:06:43.224590Z  INFO herdr::client: connecting to server path=/Users/christian/.config/herdr/herdr-client.sock
2026-07-05T18:06:43.297833Z  INFO herdr::client: handshake succeeded version=14 encoding=SemanticFrame
2026-07-05T18:06:55.619410Z  INFO herdr::logging: herdr exiting event="app.shutdown" subsystem="client" outcome="completed" pid=16647
2026-07-05T18:07:14.361394Z  INFO herdr::logging: herdr starting event="app.startup" subsystem="client" outcome="started" pid=16954
2026-07-05T18:07:14.361580Z  INFO herdr::client: connecting to server path=/Users/christian/.config/herdr/herdr-client.sock
2026-07-05T18:07:14.518241Z  INFO herdr::client: handshake succeeded version=14 encoding=SemanticFrame
2026-07-05T18:15:47.026515Z  INFO herdr::logging: herdr exiting event="app.shutdown" subsystem="client" outcome="completed" pid=16954
2026-07-06T02:07:47.582391Z  INFO herdr::logging: herdr starting event="app.startup" subsystem="client" outcome="started" pid=24561
2026-07-06T02:07:47.582745Z  INFO herdr::client: connecting to server path=/Users/christian/.config/herdr/herdr-client.sock
2026-07-06T02:07:47.830903Z  INFO herdr::client: handshake succeeded version=14 encoding=SemanticFrame
2026-07-06T02:16:11.383407Z  INFO herdr::logging: herdr starting event="app.startup" subsystem="client" outcome="started" pid=24872
2026-07-06T02:16:11.383671Z  INFO herdr::client: connecting to server path=/var/folders/ct/mb0_fpns7419kvv30rt9xyc00000gn/T/herdr-r-24839-ssh---us-eeb0a055502fbc87.sock
2026-07-06T02:16:16.126370Z  INFO herdr::client: handshake succeeded version=14 encoding=TerminalAnsi
2026-07-06T02:16:25.733293Z  INFO herdr::logging: herdr exiting event="app.shutdown" subsystem="client" outcome="completed" pid=24872
2026-07-06T02:16:57.582021Z  INFO herdr::logging: herdr starting event="app.startup" subsystem="client" outcome="started" pid=24918
2026-07-06T02:16:57.582087Z  INFO herdr::client: connecting to server path=/var/folders/ct/mb0_fpns7419kvv30rt9xyc00000gn/T/herdr-r-24885-ssh---us-eeb0a055502fbc87.sock
2026-07-06T02:17:01.942945Z  INFO herdr::client: handshake succeeded version=14 encoding=TerminalAnsi
2026-07-06T02:17:07.381662Z  INFO herdr::logging: herdr exiting event="app.shutdown" subsystem="client" outcome="completed" pid=24918
2026-07-06T02:20:54.824021Z  INFO herdr::logging: herdr starting event="app.startup" subsystem="client" outcome="started" pid=25007
2026-07-06T02:20:54.824102Z  INFO herdr::client: connecting to server path=/var/folders/ct/mb0_fpns7419kvv30rt9xyc00000gn/T/herdr-r-24974-ssh---us-eeb0a055502fbc87.sock
2026-07-06T02:20:55.413029Z  INFO herdr::client: handshake succeeded version=14 encoding=TerminalAnsi
2026-07-06T02:21:03.615048Z  INFO herdr::logging: herdr exiting event="app.shutdown" subsystem="client" outcome="completed" pid=25007
